
=== FF-gate cluster summary (28 functions) ===
  FULLY_FAITHFUL   12
  SHAPE_GAP        16

=== SHAPE_GAP functions (recognizer declines on both lanes) ===
  <[T] as BitArray<T>>::bit_length  FullyFaithfulDiagnosis { via_ir_shape: false, via_ir_safety: false, via_ir: false, via_mirsem_straight_line_shape: false, via_mirsem_loop_shape: false, via_mirsem_shape: false, via_mirsem_straight_line_safety_discharged: false, via_mirsem_call_requires: false, via_mirsem_loop_full: false, via_mirsem: false, fully_faithful: false }
  <[T] as BitArray<T>>::get_bit  FullyFaithfulDiagnosis { via_ir_shape: false, via_ir_safety: false, via_ir: false, via_mirsem_straight_line_shape: false, via_mirsem_loop_shape: false, via_mirsem_shape: false, via_mirsem_straight_line_safety_discharged: false, via_mirsem_call_requires: false, via_mirsem_loop_full: false, via_mirsem: false, fully_faithful: false }
  <[T] as BitArray<T>>::set_bit  FullyFaithfulDiagnosis { via_ir_shape: false, via_ir_safety: false, via_ir: false, via_mirsem_straight_line_shape: false, via_mirsem_loop_shape: false, via_mirsem_shape: false, via_mirsem_straight_line_safety_discharged: false, via_mirsem_call_requires: false, via_mirsem_loop_full: false, via_mirsem: false, fully_faithful: false }
  <i128 as BitField>::set_bit  FullyFaithfulDiagnosis { via_ir_shape: false, via_ir_safety: false, via_ir: false, via_mirsem_straight_line_shape: false, via_mirsem_loop_shape: false, via_mirsem_shape: false, via_mirsem_straight_line_safety_discharged: false, via_mirsem_call_requires: false, via_mirsem_loop_full: false, via_mirsem: false, fully_faithful: false }
  <i16 as BitField>::set_bit  FullyFaithfulDiagnosis { via_ir_shape: false, via_ir_safety: false, via_ir: false, via_mirsem_straight_line_shape: false, via_mirsem_loop_shape: false, via_mirsem_shape: false, via_mirsem_straight_line_safety_discharged: false, via_mirsem_call_requires: false, via_mirsem_loop_full: false, via_mirsem: false, fully_faithful: false }
  <i32 as BitField>::set_bit  FullyFaithfulDiagnosis { via_ir_shape: false, via_ir_safety: false, via_ir: false, via_mirsem_straight_line_shape: false, via_mirsem_loop_shape: false, via_mirsem_shape: false, via_mirsem_straight_line_safety_discharged: false, via_mirsem_call_requires: false, via_mirsem_loop_full: false, via_mirsem: false, fully_faithful: false }
  <i64 as BitField>::set_bit  FullyFaithfulDiagnosis { via_ir_shape: false, via_ir_safety: false, via_ir: false, via_mirsem_straight_line_shape: false, via_mirsem_loop_shape: false, via_mirsem_shape: false, via_mirsem_straight_line_safety_discharged: false, via_mirsem_call_requires: false, via_mirsem_loop_full: false, via_mirsem: false, fully_faithful: false }
  <i8 as BitField>::set_bit  FullyFaithfulDiagnosis { via_ir_shape: false, via_ir_safety: false, via_ir: false, via_mirsem_straight_line_shape: false, via_mirsem_loop_shape: false, via_mirsem_shape: false, via_mirsem_straight_line_safety_discharged: false, via_mirsem_call_requires: false, via_mirsem_loop_full: false, via_mirsem: false, fully_faithful: false }
  <isize as BitField>::set_bit  FullyFaithfulDiagnosis { via_ir_shape: false, via_ir_safety: false, via_ir: false, via_mirsem_straight_line_shape: false, via_mirsem_loop_shape: false, via_mirsem_shape: false, via_mirsem_straight_line_safety_discharged: false, via_mirsem_call_requires: false, via_mirsem_loop_full: false, via_mirsem: false, fully_faithful: false }
  <u128 as BitField>::set_bit  FullyFaithfulDiagnosis { via_ir_shape: false, via_ir_safety: false, via_ir: false, via_mirsem_straight_line_shape: false, via_mirsem_loop_shape: false, via_mirsem_shape: false, via_mirsem_straight_line_safety_discharged: false, via_mirsem_call_requires: false, via_mirsem_loop_full: false, via_mirsem: false, fully_faithful: false }
  <u16 as BitField>::set_bit  FullyFaithfulDiagnosis { via_ir_shape: false, via_ir_safety: false, via_ir: false, via_mirsem_straight_line_shape: false, via_mirsem_loop_shape: false, via_mirsem_shape: false, via_mirsem_straight_line_safety_discharged: false, via_mirsem_call_requires: false, via_mirsem_loop_full: false, via_mirsem: false, fully_faithful: false }
  <u32 as BitField>::set_bit  FullyFaithfulDiagnosis { via_ir_shape: false, via_ir_safety: false, via_ir: false, via_mirsem_straight_line_shape: false, via_mirsem_loop_shape: false, via_mirsem_shape: false, via_mirsem_straight_line_safety_discharged: false, via_mirsem_call_requires: false, via_mirsem_loop_full: false, via_mirsem: false, fully_faithful: false }
  <u64 as BitField>::set_bit  FullyFaithfulDiagnosis { via_ir_shape: false, via_ir_safety: false, via_ir: false, via_mirsem_straight_line_shape: false, via_mirsem_loop_shape: false, via_mirsem_shape: false, via_mirsem_straight_line_safety_discharged: false, via_mirsem_call_requires: false, via_mirsem_loop_full: false, via_mirsem: false, fully_faithful: false }
  <u8 as BitField>::set_bit  FullyFaithfulDiagnosis { via_ir_shape: false, via_ir_safety: false, via_ir: false, via_mirsem_straight_line_shape: false, via_mirsem_loop_shape: false, via_mirsem_shape: false, via_mirsem_straight_line_safety_discharged: false, via_mirsem_call_requires: false, via_mirsem_loop_full: false, via_mirsem: false, fully_faithful: false }
  <usize as BitField>::set_bit  FullyFaithfulDiagnosis { via_ir_shape: false, via_ir_safety: false, via_ir: false, via_mirsem_straight_line_shape: false, via_mirsem_loop_shape: false, via_mirsem_shape: false, via_mirsem_straight_line_safety_discharged: false, via_mirsem_call_requires: false, via_mirsem_loop_full: false, via_mirsem: false, fully_faithful: false }
  to_regular_range  FullyFaithfulDiagnosis { via_ir_shape: false, via_ir_safety: false, via_ir: false, via_mirsem_straight_line_shape: false, via_mirsem_loop_shape: false, via_mirsem_shape: false, via_mirsem_straight_line_safety_discharged: false, via_mirsem_call_requires: false, via_mirsem_loop_full: false, via_mirsem: false, fully_faithful: false }

=== SAFETY_GAP functions (shape recognized, safety/discharge open) ===
       48.27 real        47.74 user         0.18 sys
