
=== FF-gate cluster summary (17 functions) ===
  SHAPE_GAP        17

=== SHAPE_GAP functions (recognizer declines on both lanes) ===
  Buffer::new  FullyFaithfulDiagnosis { via_ir_shape: false, via_ir_safety: false, via_ir: false, via_mirsem_straight_line_shape: false, via_mirsem_loop_shape: false, via_mirsem_shape: false, via_mirsem_straight_line_safety_discharged: false, via_mirsem_call_requires: false, via_mirsem_loop_full: false, via_mirsem: false, fully_faithful: false }
  <Buffer as core::clone::Clone>::clone  FullyFaithfulDiagnosis { via_ir_shape: false, via_ir_safety: false, via_ir: false, via_mirsem_straight_line_shape: false, via_mirsem_loop_shape: false, via_mirsem_shape: false, via_mirsem_straight_line_safety_discharged: false, via_mirsem_call_requires: false, via_mirsem_loop_full: false, via_mirsem: false, fully_faithful: false }
  <Buffer as core::default::Default>::default  FullyFaithfulDiagnosis { via_ir_shape: false, via_ir_safety: false, via_ir: false, via_mirsem_straight_line_shape: false, via_mirsem_loop_shape: false, via_mirsem_shape: false, via_mirsem_straight_line_safety_discharged: false, via_mirsem_call_requires: false, via_mirsem_loop_full: false, via_mirsem: false, fully_faithful: false }
  udiv128::u128_mulhi  FullyFaithfulDiagnosis { via_ir_shape: false, via_ir_safety: false, via_ir: false, via_mirsem_straight_line_shape: false, via_mirsem_loop_shape: false, via_mirsem_shape: false, via_mirsem_straight_line_safety_discharged: false, via_mirsem_call_requires: false, via_mirsem_loop_full: false, via_mirsem: false, fully_faithful: false }
  udiv128::udivmod_1e19  FullyFaithfulDiagnosis { via_ir_shape: false, via_ir_safety: false, via_ir: false, via_mirsem_straight_line_shape: false, via_mirsem_loop_shape: false, via_mirsem_shape: false, via_mirsem_straight_line_safety_discharged: false, via_mirsem_call_requires: false, via_mirsem_loop_full: false, via_mirsem: false, fully_faithful: false }
  <impl private::Sealed for i128>::write  FullyFaithfulDiagnosis { via_ir_shape: false, via_ir_safety: false, via_ir: false, via_mirsem_straight_line_shape: false, via_mirsem_loop_shape: false, via_mirsem_shape: false, via_mirsem_straight_line_safety_discharged: false, via_mirsem_call_requires: false, via_mirsem_loop_full: false, via_mirsem: false, fully_faithful: false }
  <impl private::Sealed for i16>::write  FullyFaithfulDiagnosis { via_ir_shape: false, via_ir_safety: false, via_ir: false, via_mirsem_straight_line_shape: false, via_mirsem_loop_shape: false, via_mirsem_shape: false, via_mirsem_straight_line_safety_discharged: false, via_mirsem_call_requires: false, via_mirsem_loop_full: false, via_mirsem: false, fully_faithful: false }
  <impl private::Sealed for i32>::write  FullyFaithfulDiagnosis { via_ir_shape: false, via_ir_safety: false, via_ir: false, via_mirsem_straight_line_shape: false, via_mirsem_loop_shape: false, via_mirsem_shape: false, via_mirsem_straight_line_safety_discharged: false, via_mirsem_call_requires: false, via_mirsem_loop_full: false, via_mirsem: false, fully_faithful: false }
  <impl private::Sealed for i64>::write  FullyFaithfulDiagnosis { via_ir_shape: false, via_ir_safety: false, via_ir: false, via_mirsem_straight_line_shape: false, via_mirsem_loop_shape: false, via_mirsem_shape: false, via_mirsem_straight_line_safety_discharged: false, via_mirsem_call_requires: false, via_mirsem_loop_full: false, via_mirsem: false, fully_faithful: false }
  <impl private::Sealed for i8>::write  FullyFaithfulDiagnosis { via_ir_shape: false, via_ir_safety: false, via_ir: false, via_mirsem_straight_line_shape: false, via_mirsem_loop_shape: false, via_mirsem_shape: false, via_mirsem_straight_line_safety_discharged: false, via_mirsem_call_requires: false, via_mirsem_loop_full: false, via_mirsem: false, fully_faithful: false }
  <impl private::Sealed for isize>::write  FullyFaithfulDiagnosis { via_ir_shape: false, via_ir_safety: false, via_ir: false, via_mirsem_straight_line_shape: false, via_mirsem_loop_shape: false, via_mirsem_shape: false, via_mirsem_straight_line_safety_discharged: false, via_mirsem_call_requires: false, via_mirsem_loop_full: false, via_mirsem: false, fully_faithful: false }
  <impl private::Sealed for u128>::write  FullyFaithfulDiagnosis { via_ir_shape: false, via_ir_safety: false, via_ir: false, via_mirsem_straight_line_shape: false, via_mirsem_loop_shape: false, via_mirsem_shape: false, via_mirsem_straight_line_safety_discharged: false, via_mirsem_call_requires: false, via_mirsem_loop_full: false, via_mirsem: false, fully_faithful: false }
  <impl private::Sealed for u16>::write  FullyFaithfulDiagnosis { via_ir_shape: false, via_ir_safety: false, via_ir: false, via_mirsem_straight_line_shape: false, via_mirsem_loop_shape: false, via_mirsem_shape: false, via_mirsem_straight_line_safety_discharged: false, via_mirsem_call_requires: false, via_mirsem_loop_full: false, via_mirsem: false, fully_faithful: false }
  <impl private::Sealed for u32>::write  FullyFaithfulDiagnosis { via_ir_shape: false, via_ir_safety: false, via_ir: false, via_mirsem_straight_line_shape: false, via_mirsem_loop_shape: false, via_mirsem_shape: false, via_mirsem_straight_line_safety_discharged: false, via_mirsem_call_requires: false, via_mirsem_loop_full: false, via_mirsem: false, fully_faithful: false }
  <impl private::Sealed for u64>::write  FullyFaithfulDiagnosis { via_ir_shape: false, via_ir_safety: false, via_ir: false, via_mirsem_straight_line_shape: false, via_mirsem_loop_shape: false, via_mirsem_shape: false, via_mirsem_straight_line_safety_discharged: false, via_mirsem_call_requires: false, via_mirsem_loop_full: false, via_mirsem: false, fully_faithful: false }
  <impl private::Sealed for u8>::write  FullyFaithfulDiagnosis { via_ir_shape: false, via_ir_safety: false, via_ir: false, via_mirsem_straight_line_shape: false, via_mirsem_loop_shape: false, via_mirsem_shape: false, via_mirsem_straight_line_safety_discharged: false, via_mirsem_call_requires: false, via_mirsem_loop_full: false, via_mirsem: false, fully_faithful: false }
  <impl private::Sealed for usize>::write  FullyFaithfulDiagnosis { via_ir_shape: false, via_ir_safety: false, via_ir: false, via_mirsem_straight_line_shape: false, via_mirsem_loop_shape: false, via_mirsem_shape: false, via_mirsem_straight_line_safety_discharged: false, via_mirsem_call_requires: false, via_mirsem_loop_full: false, via_mirsem: false, fully_faithful: false }

=== SAFETY_GAP functions (shape recognized, safety/discharge open) ===
        0.02 real         0.02 user         0.00 sys
